/home/checker/code_check/result-generation-single-cpp/csa/no-else-branch/first_checker/negative_case_7/round_1/workspace/GeneratedNoElseBranchChecker.cpp:37:53: error: no member named 'IgnoreImplicit' in 'clang::Stmt'
   37 |       const auto *NestedIf = dyn_cast<IfStmt>(Else->IgnoreImplicit());
      |                                               ~~~~  ^
/home/checker/code_check/result-generation-single-cpp/csa/no-else-branch/first_checker/negative_case_7/round_1/workspace/GeneratedNoElseBranchChecker.cpp:67:13: error: no matching function for call to 'createBegin'
   67 |             PathDiagnosticLocation::createBegin(getDiagnosticLocation(Innermost, AM.getSourceManager()),
      |             ^~~~~~~~~~~~~~~~~~~~~~~~~~~~~~~~~~~
/home/llvm/llvm-project/clang/include/clang/Analysis/PathDiagnostic.h:253:33: note: candidate function not viable: no known conversion from 'SourceLocation' to 'const Decl *' for 1st argument
  253 |   static PathDiagnosticLocation createBegin(const Decl *D,
      |                                 ^           ~~~~~~~~~~~~~
/home/llvm/llvm-project/clang/include/clang/Analysis/PathDiagnostic.h:260:3: note: candidate function not viable: requires 3 arguments, but 2 were provided
  260 |   createBegin(const Decl *D, const SourceManager &SM,
      |   ^           ~~~~~~~~~~~~~~~~~~~~~~~~~~~~~~~~~~~~~~~
  261 |               const StackFrameOrAnalysisDeclContext SFAC) {
      |               ~~~~~~~~~~~~~~~~~~~~~~~~~~~~~~~~~~~~~~~~~~
/home/llvm/llvm-project/clang/include/clang/Analysis/PathDiagnostic.h:267:3: note: candidate function not viable: requires 3 arguments, but 2 were provided
  267 |   createBegin(const Stmt *S, const SourceManager &SM,
      |   ^           ~~~~~~~~~~~~~~~~~~~~~~~~~~~~~~~~~~~~~~~
  268 |               const StackFrameOrAnalysisDeclContext SFAC);
      |               ~~~~~~~~~~~~~~~~~~~~~~~~~~~~~~~~~~~~~~~~~~
In file included from /home/checker/code_check/result-generation-single-cpp/csa/no-else-branch/first_checker/negative_case_7/round_1/workspace/GeneratedNoElseBranchChecker.cpp:1:
In file included from /home/llvm/llvm-project/clang/include/clang/AST/Decl.h:16:
In file included from /home/llvm/llvm-project/clang/include/clang/AST/APNumericStorage.h:12:
In file included from /home/llvm/llvm-project/llvm/include/llvm/ADT/APFloat.h:19:
In file included from /home/llvm/llvm-project/llvm/include/llvm/ADT/ArrayRef.h:12:
In file included from /home/llvm/llvm-project/llvm/include/llvm/ADT/Hashing.h:56:
In file included from /usr/lib/gcc/x86_64-linux-gnu/11/../../../../include/c++/11/memory:76:
/usr/lib/gcc/x86_64-linux-gnu/11/../../../../include/c++/11/bits/unique_ptr.h:962:34: error: no matching constructor for initialization of 'clang::ento::BugType'
  962 |     { return unique_ptr<_Tp>(new _Tp(std::forward<_Args>(__args)...)); }
      |                                  ^   ~~~~~~~~~~~~~~~~~~~~~~~~~~~
/home/checker/code_check/result-generation-single-cpp/csa/no-else-branch/first_checker/negative_case_7/round_1/workspace/GeneratedNoElseBranchChecker.cpp:21:17: note: in instantiation of function template specialization 'std::make_unique<clang::ento::BugType, const char (&)[46], const char (&)[21]>' requested here
   21 |       BT = std::make_unique<BugType>(
      |                 ^
/home/llvm/llvm-project/clang/include/clang/StaticAnalyzer/Core/BugReporter/BugType.h:45:3: note: candidate constructor not viable: no known conversion from 'const char[46]' to 'CheckerNameRef' for 1st argument
   45 |   BugType(CheckerNameRef CheckerName, StringRef Desc,
      |   ^       ~~~~~~~~~~~~~~~~~~~~~~~~~~
/home/llvm/llvm-project/clang/include/clang/StaticAnalyzer/Core/BugReporter/BugType.h:52:3: note: candidate constructor not viable: no known conversion from 'const char[46]' to 'const CheckerFrontend *' for 1st argument
   52 |   BugType(const CheckerFrontend *Checker, StringRef Desc,
      |   ^       ~~~~~~~~~~~~~~~~~~~~~~~~~~~~~~
/home/llvm/llvm-project/clang/include/clang/StaticAnalyzer/Core/BugReporter/BugType.h:28:7: note: candidate constructor (the implicit copy constructor) not viable: requires 1 argument, but 2 were provided
   28 | class BugType {
      |       ^~~~~~~
In file included from /home/checker/code_check/result-generation-single-cpp/csa/no-else-branch/first_checker/negative_case_7/round_1/workspace/GeneratedNoElseBranchChecker.cpp:1:
In file included from /home/llvm/llvm-project/clang/include/clang/AST/Decl.h:16:
In file included from /home/llvm/llvm-project/clang/include/clang/AST/APNumericStorage.h:12:
In file included from /home/llvm/llvm-project/llvm/include/llvm/ADT/APFloat.h:19:
In file included from /home/llvm/llvm-project/llvm/include/llvm/ADT/ArrayRef.h:12:
In file included from /home/llvm/llvm-project/llvm/include/llvm/ADT/Hashing.h:56:
In file included from /usr/lib/gcc/x86_64-linux-gnu/11/../../../../include/c++/11/memory:76:
/usr/lib/gcc/x86_64-linux-gnu/11/../../../../include/c++/11/bits/unique_ptr.h:962:34: error: no matching constructor for initialization of 'clang::ento::PathSensitiveBugReport'
  962 |     { return unique_ptr<_Tp>(new _Tp(std::forward<_Args>(__args)...)); }
      |                                  ^   ~~~~~~~~~~~~~~~~~~~~~~~~~~~
/home/checker/code_check/result-generation-single-cpp/csa/no-else-branch/first_checker/negative_case_7/round_1/workspace/GeneratedNoElseBranchChecker.cpp:69:23: note: in instantiation of function template specialization 'std::make_unique<clang::ento::PathSensitiveBugReport, llvm::StringRef, const clang::ento::BugType &, clang::ento::PathDiagnosticLocation &>' requested here
   69 |         auto R = std::make_unique<PathSensitiveBugReport>(
      |                       ^
/home/llvm/llvm-project/clang/include/clang/StaticAnalyzer/Core/BugReporter/BugReporter.h:374:3: note: candidate constructor not viable: no known conversion from 'llvm::StringRef' to 'const BugType' for 1st argument
  374 |   PathSensitiveBugReport(const BugType &bt, const llvm::Twine &desc,
      |   ^                      ~~~~~~~~~~~~~~~~~
/home/llvm/llvm-project/clang/include/clang/StaticAnalyzer/Core/BugReporter/BugReporter.h:378:3: note: candidate constructor not viable: requires 4 arguments, but 3 were provided
  378 |   PathSensitiveBugReport(const BugType &bt, const llvm::Twine &shortDesc,
      |   ^                      ~~~~~~~~~~~~~~~~~~~~~~~~~~~~~~~~~~~~~~~~~~~~~~~~
  379 |                          const llvm::Twine &desc, const ExplodedNode *errorNode)
      |                          ~~~~~~~~~~~~~~~~~~~~~~~~~~~~~~~~~~~~~~~~~~~~~~~~~~~~~~
/home/llvm/llvm-project/clang/include/clang/StaticAnalyzer/Core/BugReporter/BugReporter.h:294:7: note: candidate constructor (the implicit copy constructor) not viable: requires 1 argument, but 3 were provided
  294 | class PathSensitiveBugReport : public BugReport {
      |       ^~~~~~~~~~~~~~~~~~~~~~
/home/llvm/llvm-project/clang/include/clang/StaticAnalyzer/Core/BugReporter/BugReporter.h:294:7: note: candidate constructor (the implicit move constructor) not viable: requires 1 argument, but 3 were provided
  294 | class PathSensitiveBugReport : public BugReport {
      |       ^~~~~~~~~~~~~~~~~~~~~~
/home/llvm/llvm-project/clang/include/clang/StaticAnalyzer/Core/BugReporter/BugReporter.h:391:3: note: candidate constructor not viable: requires 5 arguments, but 3 were provided
  391 |   PathSensitiveBugReport(const BugType &bt, const llvm::Twine &desc,
      |   ^                      ~~~~~~~~~~~~~~~~~~~~~~~~~~~~~~~~~~~~~~~~~~~
  392 |                          const ExplodedNode *errorNode,
      |                          ~~~~~~~~~~~~~~~~~~~~~~~~~~~~~~
  393 |                          PathDiagnosticLocation LocationToUnique,
      |                          ~~~~~~~~~~~~~~~~~~~~~~~~~~~~~~~~~~~~~~~~
  394 |                          const Decl *DeclToUnique)
      |                          ~~~~~~~~~~~~~~~~~~~~~~~~
/home/llvm/llvm-project/clang/include/clang/StaticAnalyzer/Core/BugReporter/BugReporter.h:398:3: note: candidate constructor not viable: requires 6 arguments, but 3 were provided
  398 |   PathSensitiveBugReport(const BugType &bt, const llvm::Twine &shortDesc,
      |   ^                      ~~~~~~~~~~~~~~~~~~~~~~~~~~~~~~~~~~~~~~~~~~~~~~~~
  399 |                          const llvm::Twine &desc, const ExplodedNode *errorNode,
      |                          ~~~~~~~~~~~~~~~~~~~~~~~~~~~~~~~~~~~~~~~~~~~~~~~~~~~~~~~
  400 |                          PathDiagnosticLocation LocationToUnique,
      |                          ~~~~~~~~~~~~~~~~~~~~~~~~~~~~~~~~~~~~~~~~
  401 |                          const Decl *DeclToUnique);
      |                          ~~~~~~~~~~~~~~~~~~~~~~~~
In file included from /home/checker/code_check/result-generation-single-cpp/csa/no-else-branch/first_checker/negative_case_7/round_1/workspace/GeneratedNoElseBranchChecker.cpp:1:
In file included from /home/llvm/llvm-project/clang/include/clang/AST/Decl.h:17:
In file included from /home/llvm/llvm-project/clang/include/clang/AST/APValue.h:16:
In file included from /home/llvm/llvm-project/clang/include/clang/Basic/LLVM.h:21:
/home/llvm/llvm-project/llvm/include/llvm/Support/Casting.h:64:65: error: cannot initialize a parameter of type 'const Stmt *' with an rvalue of type 'const clang::Decl *'
   64 |   static inline bool doit(const From &Val) { return To::classof(&Val); }
      |                                                                 ^~~~
/home/llvm/llvm-project/llvm/include/llvm/Support/Casting.h:110:32: note: in instantiation of member function 'llvm::isa_impl<clang::CompoundStmt, clang::Decl>::doit' requested here
  110 |     return isa_impl<To, From>::doit(*Val);
      |                                ^
/home/llvm/llvm-project/llvm/include/llvm/Support/Casting.h:137:37: note: in instantiation of member function 'llvm::isa_impl_cl<clang::CompoundStmt, const clang::Decl *>::doit' requested here
  137 |     return isa_impl_cl<To, FromTy>::doit(Val);
      |                                     ^
/home/llvm/llvm-project/llvm/include/llvm/Support/Casting.h:129:9: note: in instantiation of member function 'llvm::isa_impl_wrap<clang::CompoundStmt, const clang::Decl *, const clang::Decl *>::doit' requested here
  129 |         doit(simplify_type<const From>::getSimplifiedValue(Val));
      |         ^
/home/llvm/llvm-project/llvm/include/llvm/Support/Casting.h:257:58: note: in instantiation of member function 'llvm::isa_impl_wrap<clang::CompoundStmt, const clang::Decl *const, const clang::Decl *>::doit' requested here
  257 |         typename simplify_type<const From>::SimpleType>::doit(f);
      |                                                          ^
/home/llvm/llvm-project/llvm/include/llvm/Support/Casting.h:493:16: note: in instantiation of member function 'llvm::CastIsPossible<clang::CompoundStmt, const clang::Decl *>::isPossible' requested here
  493 |     if (!Self::isPossible(f))
      |                ^
/home/llvm/llvm-project/llvm/include/llvm/Support/Casting.h:747:28: note: in instantiation of member function 'llvm::CastInfo<clang::CompoundStmt, const clang::Decl *>::doCastIfPossible' requested here
  747 |   return CastInfo<X, Y *>::doCastIfPossible(detail::unwrapValue(Val));
      |                            ^
/home/llvm/llvm-project/clang/include/clang/AST/Stmt.h:1869:35: note: passing argument to parameter 'T' here
 1869 |   static bool classof(const Stmt *T) {
      |                                   ^
5 errors generated.
