/home/checker/code_check/result-generation-single-cpp/csa/no-else-branch/first_checker/negative_case_3/round_2/workspace/GeneratedNoElseBranchChecker.cpp:74:27: error: too many arguments to function call, expected single argument 'R', have 2 arguments
   74 |     R->addRange(BeginLoc, Root->getEndLoc());
      |     ~~~~~~~~~~~           ^~~~~~~~~~~~~~~~~
/home/llvm/llvm-project/clang/include/clang/StaticAnalyzer/Core/BugReporter/BugReporter.h:222:8: note: 'addRange' declared here
  222 |   void addRange(SourceRange R) {
      |        ^        ~~~~~~~~~~~~~
In file included from /home/checker/code_check/result-generation-single-cpp/csa/no-else-branch/first_checker/negative_case_3/round_2/workspace/GeneratedNoElseBranchChecker.cpp:1:
In file included from /home/llvm/llvm-project/clang/include/clang/AST/Decl.h:16:
In file included from /home/llvm/llvm-project/clang/include/clang/AST/APNumericStorage.h:12:
In file included from /home/llvm/llvm-project/llvm/include/llvm/ADT/APFloat.h:19:
In file included from /home/llvm/llvm-project/llvm/include/llvm/ADT/ArrayRef.h:12:
In file included from /home/llvm/llvm-project/llvm/include/llvm/ADT/Hashing.h:56:
In file included from /usr/lib/gcc/x86_64-linux-gnu/11/../../../../include/c++/11/memory:76:
/usr/lib/gcc/x86_64-linux-gnu/11/../../../../include/c++/11/bits/unique_ptr.h:962:34: error: allocating an object of abstract class type 'clang::ento::BugReport'
  962 |     { return unique_ptr<_Tp>(new _Tp(std::forward<_Args>(__args)...)); }
      |                                  ^
/home/checker/code_check/result-generation-single-cpp/csa/no-else-branch/first_checker/negative_case_3/round_2/workspace/GeneratedNoElseBranchChecker.cpp:72:19: note: in instantiation of function template specialization 'std::make_unique<clang::ento::BugReport, clang::ento::BugType &, const char (&)[46], clang::SourceLocation &>' requested here
   72 |     auto R = std::make_unique<BugReport>(
      |                   ^
/home/llvm/llvm-project/clang/include/clang/StaticAnalyzer/Core/BugReporter/BugReporter.h:173:34: note: unimplemented pure virtual method 'getLocation' in 'BugReport'
  173 |   virtual PathDiagnosticLocation getLocation() const = 0;
      |                                  ^
/home/llvm/llvm-project/clang/include/clang/StaticAnalyzer/Core/BugReporter/BugReporter.h:178:23: note: unimplemented pure virtual method 'getDeclWithIssue' in 'BugReport'
  178 |   virtual const Decl *getDeclWithIssue() const = 0;
      |                       ^
/home/llvm/llvm-project/clang/include/clang/StaticAnalyzer/Core/BugReporter/BugReporter.h:189:34: note: unimplemented pure virtual method 'getUniqueingLocation' in 'BugReport'
  189 |   virtual PathDiagnosticLocation getUniqueingLocation() const = 0;
      |                                  ^
/home/llvm/llvm-project/clang/include/clang/StaticAnalyzer/Core/BugReporter/BugReporter.h:195:23: note: unimplemented pure virtual method 'getUniqueingDecl' in 'BugReport'
  195 |   virtual const Decl *getUniqueingDecl() const = 0;
      |                       ^
/home/llvm/llvm-project/clang/include/clang/StaticAnalyzer/Core/BugReporter/BugReporter.h:248:16: note: unimplemented pure virtual method 'Profile' in 'BugReport'
  248 |   virtual void Profile(llvm::FoldingSetNodeID& hash) const = 0;
      |                ^
2 errors generated.
