/home/checker/code_check/result-generation-single-cpp/csa/no-else-branch/first_checker/negative_case_3/round_2/workspace/GeneratedNoElseBranchChecker.cpp:24:34: error: no member named 'getParentStmt' in 'clang::IfStmt'
   24 |       const Stmt *Parent = Root->getParentStmt();
      |                            ~~~~  ^
/home/checker/code_check/result-generation-single-cpp/csa/no-else-branch/first_checker/negative_case_3/round_2/workspace/GeneratedNoElseBranchChecker.cpp:71:71: error: too few arguments to function call, single argument 'D' was not specified
   71 |                                             AM.getAnalysisDeclContext());
      |                                             ~~~~~~~~~~~~~~~~~~~~~~~~~ ^
/home/llvm/llvm-project/clang/include/clang/StaticAnalyzer/Core/PathSensitive/AnalysisManager.h:122:24: note: 'getAnalysisDeclContext' declared here
  122 |   AnalysisDeclContext *getAnalysisDeclContext(const Decl *D) {
      |                        ^                      ~~~~~~~~~~~~~
/home/checker/code_check/result-generation-single-cpp/csa/no-else-branch/first_checker/negative_case_3/round_2/workspace/GeneratedNoElseBranchChecker.cpp:75:8: error: no member named 'setDeclWithIssue' in 'clang::ento::PathSensitiveBugReport'
   75 |     R->setDeclWithIssue(AM.getDecl());
      |     ~~~^
/home/checker/code_check/result-generation-single-cpp/csa/no-else-branch/first_checker/negative_case_3/round_2/workspace/GeneratedNoElseBranchChecker.cpp:75:28: error: no member named 'getDecl' in 'clang::ento::AnalysisManager'
   75 |     R->setDeclWithIssue(AM.getDecl());
      |                         ~~ ^
/home/checker/code_check/result-generation-single-cpp/csa/no-else-branch/first_checker/negative_case_3/round_2/workspace/GeneratedNoElseBranchChecker.cpp:76:17: error: no viable conversion from 'PathDiagnosticLocation' to 'SourceRange'
   76 |     R->addRange(L);
      |                 ^
/home/llvm/llvm-project/clang/include/clang/Basic/SourceLocation.h:224:7: note: candidate constructor (the implicit copy constructor) not viable: no known conversion from 'PathDiagnosticLocation' to 'const SourceRange &' for 1st argument
  224 | class SourceRange {
      |       ^~~~~~~~~~~
/home/llvm/llvm-project/clang/include/clang/Basic/SourceLocation.h:224:7: note: candidate constructor (the implicit move constructor) not viable: no known conversion from 'PathDiagnosticLocation' to 'SourceRange &&' for 1st argument
  224 | class SourceRange {
      |       ^~~~~~~~~~~
/home/llvm/llvm-project/clang/include/clang/Basic/SourceLocation.h:230:3: note: candidate constructor not viable: no known conversion from 'PathDiagnosticLocation' to 'SourceLocation' for 1st argument
  230 |   SourceRange(SourceLocation loc) : B(loc), E(loc) {}
      |   ^           ~~~~~~~~~~~~~~~~~~
/home/llvm/llvm-project/clang/include/clang/StaticAnalyzer/Core/BugReporter/BugReporter.h:222:29: note: passing argument to parameter 'R' here
  222 |   void addRange(SourceRange R) {
      |                             ^
5 errors generated.
