/home/checker/code_check/result-generation-single-cpp/csa/no-else-branch/first_checker/negative_case_8/round_2/workspace/GeneratedNoElseBranchChecker.cpp:59:47: error: too few arguments to function call, single argument 'D' was not specified
   59 |     const Decl *D = AM.getAnalysisDeclContext() ? AM.getAnalysisDeclContext()->getDecl() : nullptr;
      |                     ~~~~~~~~~~~~~~~~~~~~~~~~~ ^
/home/llvm/llvm-project/clang/include/clang/StaticAnalyzer/Core/PathSensitive/AnalysisManager.h:122:24: note: 'getAnalysisDeclContext' declared here
  122 |   AnalysisDeclContext *getAnalysisDeclContext(const Decl *D) {
      |                        ^                      ~~~~~~~~~~~~~
/home/checker/code_check/result-generation-single-cpp/csa/no-else-branch/first_checker/negative_case_8/round_2/workspace/GeneratedNoElseBranchChecker.cpp:59:77: error: too few arguments to function call, single argument 'D' was not specified
   59 |     const Decl *D = AM.getAnalysisDeclContext() ? AM.getAnalysisDeclContext()->getDecl() : nullptr;
      |                                                   ~~~~~~~~~~~~~~~~~~~~~~~~~ ^
/home/llvm/llvm-project/clang/include/clang/StaticAnalyzer/Core/PathSensitive/AnalysisManager.h:122:24: note: 'getAnalysisDeclContext' declared here
  122 |   AnalysisDeclContext *getAnalysisDeclContext(const Decl *D) {
      |                        ^                      ~~~~~~~~~~~~~
In file included from /home/checker/code_check/result-generation-single-cpp/csa/no-else-branch/first_checker/negative_case_8/round_2/workspace/GeneratedNoElseBranchChecker.cpp:1:
In file included from /home/llvm/llvm-project/clang/include/clang/AST/Decl.h:16:
In file included from /home/llvm/llvm-project/clang/include/clang/AST/APNumericStorage.h:12:
In file included from /home/llvm/llvm-project/llvm/include/llvm/ADT/APFloat.h:19:
In file included from /home/llvm/llvm-project/llvm/include/llvm/ADT/ArrayRef.h:12:
In file included from /home/llvm/llvm-project/llvm/include/llvm/ADT/Hashing.h:56:
In file included from /usr/lib/gcc/x86_64-linux-gnu/11/../../../../include/c++/11/memory:76:
/usr/lib/gcc/x86_64-linux-gnu/11/../../../../include/c++/11/bits/unique_ptr.h:962:34: error: no matching constructor for initialization of 'clang::ento::PathSensitiveBugReport'
  962 |     { return unique_ptr<_Tp>(new _Tp(std::forward<_Args>(__args)...)); }
      |                                  ^   ~~~~~~~~~~~~~~~~~~~~~~~~~~~
/home/checker/code_check/result-generation-single-cpp/csa/no-else-branch/first_checker/negative_case_8/round_2/workspace/GeneratedNoElseBranchChecker.cpp:66:19: note: in instantiation of function template specialization 'std::make_unique<clang::ento::PathSensitiveBugReport, clang::ento::BugType &, const char (&)[46], clang::ento::BugReporter &, const clang::Stmt *>' requested here
   66 |     auto R = std::make_unique<PathSensitiveBugReport>(
      |                   ^
/home/llvm/llvm-project/clang/include/clang/StaticAnalyzer/Core/BugReporter/BugReporter.h:378:3: note: candidate constructor not viable: no known conversion from 'clang::ento::BugReporter' to 'const llvm::Twine' for 3rd argument
  378 |   PathSensitiveBugReport(const BugType &bt, const llvm::Twine &shortDesc,
      |   ^
  379 |                          const llvm::Twine &desc, const ExplodedNode *errorNode)
      |                          ~~~~~~~~~~~~~~~~~~~~~~~
/home/llvm/llvm-project/clang/include/clang/StaticAnalyzer/Core/BugReporter/BugReporter.h:374:3: note: candidate constructor not viable: requires 3 arguments, but 4 were provided
  374 |   PathSensitiveBugReport(const BugType &bt, const llvm::Twine &desc,
      |   ^                      ~~~~~~~~~~~~~~~~~~~~~~~~~~~~~~~~~~~~~~~~~~~
  375 |                          const ExplodedNode *errorNode)
      |                          ~~~~~~~~~~~~~~~~~~~~~~~~~~~~~
/home/llvm/llvm-project/clang/include/clang/StaticAnalyzer/Core/BugReporter/BugReporter.h:391:3: note: candidate constructor not viable: requires 5 arguments, but 4 were provided
  391 |   PathSensitiveBugReport(const BugType &bt, const llvm::Twine &desc,
      |   ^                      ~~~~~~~~~~~~~~~~~~~~~~~~~~~~~~~~~~~~~~~~~~~
  392 |                          const ExplodedNode *errorNode,
      |                          ~~~~~~~~~~~~~~~~~~~~~~~~~~~~~~
  393 |                          PathDiagnosticLocation LocationToUnique,
      |                          ~~~~~~~~~~~~~~~~~~~~~~~~~~~~~~~~~~~~~~~~
  394 |                          const Decl *DeclToUnique)
      |                          ~~~~~~~~~~~~~~~~~~~~~~~~
/home/llvm/llvm-project/clang/include/clang/StaticAnalyzer/Core/BugReporter/BugReporter.h:398:3: note: candidate constructor not viable: requires 6 arguments, but 4 were provided
  398 |   PathSensitiveBugReport(const BugType &bt, const llvm::Twine &shortDesc,
      |   ^                      ~~~~~~~~~~~~~~~~~~~~~~~~~~~~~~~~~~~~~~~~~~~~~~~~
  399 |                          const llvm::Twine &desc, const ExplodedNode *errorNode,
      |                          ~~~~~~~~~~~~~~~~~~~~~~~~~~~~~~~~~~~~~~~~~~~~~~~~~~~~~~~
  400 |                          PathDiagnosticLocation LocationToUnique,
      |                          ~~~~~~~~~~~~~~~~~~~~~~~~~~~~~~~~~~~~~~~~
  401 |                          const Decl *DeclToUnique);
      |                          ~~~~~~~~~~~~~~~~~~~~~~~~
/home/llvm/llvm-project/clang/include/clang/StaticAnalyzer/Core/BugReporter/BugReporter.h:294:7: note: candidate constructor (the implicit copy constructor) not viable: requires 1 argument, but 4 were provided
  294 | class PathSensitiveBugReport : public BugReport {
      |       ^~~~~~~~~~~~~~~~~~~~~~
/home/llvm/llvm-project/clang/include/clang/StaticAnalyzer/Core/BugReporter/BugReporter.h:294:7: note: candidate constructor (the implicit move constructor) not viable: requires 1 argument, but 4 were provided
  294 | class PathSensitiveBugReport : public BugReport {
      |       ^~~~~~~~~~~~~~~~~~~~~~
3 errors generated.
