/home/checker/code_check/result-generation-single-cpp/csa/no-else-branch/first_checker/negative_case_4/round_2/workspace/GeneratedNoElseBranchChecker.cpp:40:38: error: no member named 'getParentASTContext' in 'clang::IfStmt'
   40 |     while (const Stmt *Parent = Top->getParentASTContext().getParentMapContext().getParents(*Top).empty()
      |                                 ~~~  ^
/home/checker/code_check/result-generation-single-cpp/csa/no-else-branch/first_checker/negative_case_4/round_2/workspace/GeneratedNoElseBranchChecker.cpp:42:43: error: no member named 'getParentASTContext' in 'clang::IfStmt'
   42 |                                    : Top->getParentASTContext().getParentMapContext().getParents(*Top)[0].get<Stmt>()) {
      |                                      ~~~  ^
/home/checker/code_check/result-generation-single-cpp/csa/no-else-branch/first_checker/negative_case_4/round_2/workspace/GeneratedNoElseBranchChecker.cpp:104:35: error: no matching function for call to 'createBegin'
  104 |     PathDiagnosticLocation DLoc = PathDiagnosticLocation::createBegin(
      |                                   ^~~~~~~~~~~~~~~~~~~~~~~~~~~~~~~~~~~
/home/llvm/llvm-project/clang/include/clang/Analysis/PathDiagnostic.h:253:33: note: candidate function not viable: no known conversion from 'const IfStmt *' to 'const Decl *' for 1st argument
  253 |   static PathDiagnosticLocation createBegin(const Decl *D,
      |                                 ^           ~~~~~~~~~~~~~
/home/llvm/llvm-project/clang/include/clang/Analysis/PathDiagnostic.h:260:3: note: candidate function not viable: requires 3 arguments, but 2 were provided
  260 |   createBegin(const Decl *D, const SourceManager &SM,
      |   ^           ~~~~~~~~~~~~~~~~~~~~~~~~~~~~~~~~~~~~~~~
  261 |               const StackFrameOrAnalysisDeclContext SFAC) {
      |               ~~~~~~~~~~~~~~~~~~~~~~~~~~~~~~~~~~~~~~~~~~
/home/llvm/llvm-project/clang/include/clang/Analysis/PathDiagnostic.h:267:3: note: candidate function not viable: requires 3 arguments, but 2 were provided
  267 |   createBegin(const Stmt *S, const SourceManager &SM,
      |   ^           ~~~~~~~~~~~~~~~~~~~~~~~~~~~~~~~~~~~~~~~
  268 |               const StackFrameOrAnalysisDeclContext SFAC);
      |               ~~~~~~~~~~~~~~~~~~~~~~~~~~~~~~~~~~~~~~~~~~
/home/checker/code_check/result-generation-single-cpp/csa/no-else-branch/first_checker/negative_case_4/round_2/workspace/GeneratedNoElseBranchChecker.cpp:107:86: error: no member named 'getDiagnosticLocation' in 'clang::AnalyzerOptions'
  107 |         BT, "禁止省略 if-else if 语句的 else 分支", BR.getAnalyzerOptions().getDiagnosticLocation());
      |                                                     ~~~~~~~~~~~~~~~~~~~~~~~ ^
/home/checker/code_check/result-generation-single-cpp/csa/no-else-branch/first_checker/negative_case_4/round_2/workspace/GeneratedNoElseBranchChecker.cpp:108:28: error: no member named 'getCurrentDecl' in 'clang::ento::BugReporter'
  108 |     R->setDeclWithIssue(BR.getCurrentDecl());
      |                         ~~ ^
/home/checker/code_check/result-generation-single-cpp/csa/no-else-branch/first_checker/negative_case_4/round_2/workspace/GeneratedNoElseBranchChecker.cpp:131:13: error: no matching function for call to 'createBegin'
  131 |             PathDiagnosticLocation::createBegin(Current->getIfLoc(), BR.getSourceManager());
      |             ^~~~~~~~~~~~~~~~~~~~~~~~~~~~~~~~~~~
/home/llvm/llvm-project/clang/include/clang/Analysis/PathDiagnostic.h:253:33: note: candidate function not viable: no known conversion from 'SourceLocation' to 'const Decl *' for 1st argument
  253 |   static PathDiagnosticLocation createBegin(const Decl *D,
      |                                 ^           ~~~~~~~~~~~~~
/home/llvm/llvm-project/clang/include/clang/Analysis/PathDiagnostic.h:260:3: note: candidate function not viable: requires 3 arguments, but 2 were provided
  260 |   createBegin(const Decl *D, const SourceManager &SM,
      |   ^           ~~~~~~~~~~~~~~~~~~~~~~~~~~~~~~~~~~~~~~~
  261 |               const StackFrameOrAnalysisDeclContext SFAC) {
      |               ~~~~~~~~~~~~~~~~~~~~~~~~~~~~~~~~~~~~~~~~~~
/home/llvm/llvm-project/clang/include/clang/Analysis/PathDiagnostic.h:267:3: note: candidate function not viable: requires 3 arguments, but 2 were provided
  267 |   createBegin(const Stmt *S, const SourceManager &SM,
      |   ^           ~~~~~~~~~~~~~~~~~~~~~~~~~~~~~~~~~~~~~~~
  268 |               const StackFrameOrAnalysisDeclContext SFAC);
      |               ~~~~~~~~~~~~~~~~~~~~~~~~~~~~~~~~~~~~~~~~~~
/home/checker/code_check/result-generation-single-cpp/csa/no-else-branch/first_checker/negative_case_4/round_2/workspace/GeneratedNoElseBranchChecker.cpp:133:15: error: no matching function for call to 'createBegin'
  133 |           L = PathDiagnosticLocation::createBegin(Then, BR.getSourceManager());
      |               ^~~~~~~~~~~~~~~~~~~~~~~~~~~~~~~~~~~
/home/llvm/llvm-project/clang/include/clang/Analysis/PathDiagnostic.h:253:33: note: candidate function not viable: no known conversion from 'const Stmt *' to 'const Decl *' for 1st argument
  253 |   static PathDiagnosticLocation createBegin(const Decl *D,
      |                                 ^           ~~~~~~~~~~~~~
/home/llvm/llvm-project/clang/include/clang/Analysis/PathDiagnostic.h:260:3: note: candidate function not viable: requires 3 arguments, but 2 were provided
  260 |   createBegin(const Decl *D, const SourceManager &SM,
      |   ^           ~~~~~~~~~~~~~~~~~~~~~~~~~~~~~~~~~~~~~~~
  261 |               const StackFrameOrAnalysisDeclContext SFAC) {
      |               ~~~~~~~~~~~~~~~~~~~~~~~~~~~~~~~~~~~~~~~~~~
/home/llvm/llvm-project/clang/include/clang/Analysis/PathDiagnostic.h:267:3: note: candidate function not viable: requires 3 arguments, but 2 were provided
  267 |   createBegin(const Stmt *S, const SourceManager &SM,
      |   ^           ~~~~~~~~~~~~~~~~~~~~~~~~~~~~~~~~~~~~~~~
  268 |               const StackFrameOrAnalysisDeclContext SFAC);
      |               ~~~~~~~~~~~~~~~~~~~~~~~~~~~~~~~~~~~~~~~~~~
/home/checker/code_check/result-generation-single-cpp/csa/no-else-branch/first_checker/negative_case_4/round_2/workspace/GeneratedNoElseBranchChecker.cpp:136:90: error: no member named 'getDiagnosticLocation' in 'clang::AnalyzerOptions'
  136 |             BT, "禁止省略 if-else if 语句的 else 分支", BR.getAnalyzerOptions().getDiagnosticLocation());
      |                                                         ~~~~~~~~~~~~~~~~~~~~~~~ ^
/home/checker/code_check/result-generation-single-cpp/csa/no-else-branch/first_checker/negative_case_4/round_2/workspace/GeneratedNoElseBranchChecker.cpp:137:37: error: no member named 'getCurrentDecl' in 'clang::ento::BugReporter'
  137 |         Report->setDeclWithIssue(BR.getCurrentDecl());
      |                                  ~~ ^
In file included from /home/checker/code_check/result-generation-single-cpp/csa/no-else-branch/first_checker/negative_case_4/round_2/workspace/GeneratedNoElseBranchChecker.cpp:1:
In file included from /home/llvm/llvm-project/clang/include/clang/AST/Decl.h:16:
In file included from /home/llvm/llvm-project/clang/include/clang/AST/APNumericStorage.h:12:
In file included from /home/llvm/llvm-project/llvm/include/llvm/ADT/APFloat.h:19:
In file included from /home/llvm/llvm-project/llvm/include/llvm/ADT/ArrayRef.h:12:
In file included from /home/llvm/llvm-project/llvm/include/llvm/ADT/Hashing.h:56:
In file included from /usr/lib/gcc/x86_64-linux-gnu/11/../../../../include/c++/11/memory:76:
/usr/lib/gcc/x86_64-linux-gnu/11/../../../../include/c++/11/bits/unique_ptr.h:962:34: error: no matching constructor for initialization of 'clang::ento::BugType'
  962 |     { return unique_ptr<_Tp>(new _Tp(std::forward<_Args>(__args)...)); }
      |                                  ^   ~~~~~~~~~~~~~~~~~~~~~~~~~~~
/home/checker/code_check/result-generation-single-cpp/csa/no-else-branch/first_checker/negative_case_4/round_2/workspace/GeneratedNoElseBranchChecker.cpp:19:17: note: in instantiation of function template specialization 'std::make_unique<clang::ento::BugType, const char (&)[35], const char (&)[8]>' requested here
   19 |       BT = std::make_unique<BugType>(
      |                 ^
/home/llvm/llvm-project/clang/include/clang/StaticAnalyzer/Core/BugReporter/BugType.h:45:3: note: candidate constructor not viable: no known conversion from 'const char[35]' to 'CheckerNameRef' for 1st argument
   45 |   BugType(CheckerNameRef CheckerName, StringRef Desc,
      |   ^       ~~~~~~~~~~~~~~~~~~~~~~~~~~
/home/llvm/llvm-project/clang/include/clang/StaticAnalyzer/Core/BugReporter/BugType.h:52:3: note: candidate constructor not viable: no known conversion from 'const char[35]' to 'const CheckerFrontend *' for 1st argument
   52 |   BugType(const CheckerFrontend *Checker, StringRef Desc,
      |   ^       ~~~~~~~~~~~~~~~~~~~~~~~~~~~~~~
/home/llvm/llvm-project/clang/include/clang/StaticAnalyzer/Core/BugReporter/BugType.h:28:7: note: candidate constructor (the implicit copy constructor) not viable: requires 1 argument, but 2 were provided
   28 | class BugType {
      |       ^~~~~~~
10 errors generated.
