/home/checker/code_check/result-generation-third-rule/csa/use-uncheck-pointer-after-malloc/first_checker/negative_case_5/round_1/workspace/GeneratedUseUncheckPointerAfterMallocChecker.cpp:38:8: error: class template specialization of 'ProgramStateTrait' not in a namespace enclosing 'ento'
   38 | struct ProgramStateTrait<PointerTrackerMap>
      |        ^
/home/llvm/llvm-project/clang/include/clang/StaticAnalyzer/Core/PathSensitive/ProgramState.h:51:30: note: explicitly specialized declaration is here
   51 | template <typename T> struct ProgramStateTrait {
      |                              ^
/home/checker/code_check/result-generation-third-rule/csa/use-uncheck-pointer-after-malloc/first_checker/negative_case_5/round_1/workspace/GeneratedUseUncheckPointerAfterMallocChecker.cpp:84:34: error: too many arguments to function call, expected 2, have 3
   83 |           return State->getStateManager().getRegionManager().getFieldRegion(
      |                  ~~~~~~~~~~~~~~~~~~~~~~~~~~~~~~~~~~~~~~~~~~~~~~~~~~~~~~~~~~
   84 |               VD->getType(), BR, VD);
      |                                  ^~
/home/llvm/llvm-project/clang/include/clang/StaticAnalyzer/Core/PathSensitive/MemRegion.h:1558:22: note: 'getFieldRegion' declared here
 1558 |   const FieldRegion *getFieldRegion(const FieldDecl *FD,
      |                      ^              ~~~~~~~~~~~~~~~~~~~~
 1559 |                                     const SubRegion *SuperRegion);
      |                                     ~~~~~~~~~~~~~~~~~~~~~~~~~~~~
/home/checker/code_check/result-generation-third-rule/csa/use-uncheck-pointer-after-malloc/first_checker/negative_case_5/round_1/workspace/GeneratedUseUncheckPointerAfterMallocChecker.cpp:124:74: error: no member named 'set' in 'llvm::ImmutableMap<const clang::ento::MemRegion *, (anonymous namespace)::PointerTracker>'
  124 |     return State->set<PointerTrackerMap>(State->get<PointerTrackerMap>().set(R, T));
      |                                          ~~~~~~~~~~~~~~~~~~~~~~~~~~~~~~~ ^
/home/checker/code_check/result-generation-third-rule/csa/use-uncheck-pointer-after-malloc/first_checker/negative_case_5/round_1/workspace/GeneratedUseUncheckPointerAfterMallocChecker.cpp:134:74: error: no member named 'set' in 'llvm::ImmutableMap<const clang::ento::MemRegion *, (anonymous namespace)::PointerTracker>'
  134 |     return State->set<PointerTrackerMap>(State->get<PointerTrackerMap>().set(R, T));
      |                                          ~~~~~~~~~~~~~~~~~~~~~~~~~~~~~~~ ^
/home/checker/code_check/result-generation-third-rule/csa/use-uncheck-pointer-after-malloc/first_checker/negative_case_5/round_1/workspace/GeneratedUseUncheckPointerAfterMallocChecker.cpp:142:47: error: no member named 'set' in 'llvm::ImmutableMap<const clang::ento::MemRegion *, (anonymous namespace)::PointerTracker>'
  142 |       State = State->set<PointerTrackerMap>(M.set(R, NT));
      |                                             ~ ^
/home/checker/code_check/result-generation-third-rule/csa/use-uncheck-pointer-after-malloc/first_checker/negative_case_5/round_1/workspace/GeneratedUseUncheckPointerAfterMallocChecker.cpp:153:47: error: no member named 'set' in 'llvm::ImmutableMap<const clang::ento::MemRegion *, (anonymous namespace)::PointerTracker>'
  153 |       State = State->set<PointerTrackerMap>(M.set(R, NT));
      |                                             ~ ^
/home/checker/code_check/result-generation-third-rule/csa/use-uncheck-pointer-after-malloc/first_checker/negative_case_5/round_1/workspace/GeneratedUseUncheckPointerAfterMallocChecker.cpp:177:26: error: cannot initialize a parameter of type 'const Expr *' with an lvalue of type 'const VarDecl *'
  177 |       SVal V = C.getSVal(VD);
      |                          ^~
/home/llvm/llvm-project/clang/include/clang/StaticAnalyzer/Core/PathSensitive/CheckerContext.h:170:28: note: passing argument to parameter 'E' here
  170 |   SVal getSVal(const Expr *E) const { return Pred->getSVal(E); }
      |                            ^
/home/checker/code_check/result-generation-third-rule/csa/use-uncheck-pointer-after-malloc/first_checker/negative_case_5/round_1/workspace/GeneratedUseUncheckPointerAfterMallocChecker.cpp:200:44: error: cannot initialize a parameter of type 'const Expr *' with an lvalue of type 'const VarDecl *'
  200 |             const MemRegion *R = C.getSVal(VD).getAsRegion();
      |                                            ^~
/home/llvm/llvm-project/clang/include/clang/StaticAnalyzer/Core/PathSensitive/CheckerContext.h:170:28: note: passing argument to parameter 'E' here
  170 |   SVal getSVal(const Expr *E) const { return Pred->getSVal(E); }
      |                            ^
/home/checker/code_check/result-generation-third-rule/csa/use-uncheck-pointer-after-malloc/first_checker/negative_case_5/round_1/workspace/GeneratedUseUncheckPointerAfterMallocChecker.cpp:212:38: error: cannot initialize a parameter of type 'const Expr *' with an lvalue of type 'const VarDecl *'
  212 |       const MemRegion *R = C.getSVal(VD).getAsRegion();
      |                                      ^~
/home/llvm/llvm-project/clang/include/clang/StaticAnalyzer/Core/PathSensitive/CheckerContext.h:170:28: note: passing argument to parameter 'E' here
  170 |   SVal getSVal(const Expr *E) const { return Pred->getSVal(E); }
      |                            ^
/home/checker/code_check/result-generation-third-rule/csa/use-uncheck-pointer-after-malloc/first_checker/negative_case_5/round_1/workspace/GeneratedUseUncheckPointerAfterMallocChecker.cpp:223:51: error: no member named 'set' in 'llvm::ImmutableMap<const clang::ento::MemRegion *, (anonymous namespace)::PointerTracker>'
  223 |           State = State->set<PointerTrackerMap>(M.set(R, NT));
      |                                                 ~ ^
/home/checker/code_check/result-generation-third-rule/csa/use-uncheck-pointer-after-malloc/first_checker/negative_case_5/round_1/workspace/GeneratedUseUncheckPointerAfterMallocChecker.cpp:266:34: error: no member named 'getAnalysisManager' in 'clang::ento::AnalysisManager'
  266 |     CheckerContext Ctx(BR, N, AM.getAnalysisManager(), nullptr);
      |                               ~~ ^
In file included from /home/checker/code_check/result-generation-third-rule/csa/use-uncheck-pointer-after-malloc/first_checker/negative_case_5/round_1/workspace/GeneratedUseUncheckPointerAfterMallocChecker.cpp:5:
In file included from /home/llvm/llvm-project/clang/include/clang/AST/Decl.h:17:
In file included from /home/llvm/llvm-project/clang/include/clang/AST/APValue.h:20:
/home/llvm/llvm-project/llvm/include/llvm/ADT/FoldingSet.h:118:7: error: no member named 'Profile' in '(anonymous namespace)::PointerTracker'
  118 |     X.Profile(ID);
      |     ~ ^
/home/llvm/llvm-project/llvm/include/llvm/ADT/ImmutableSet.h:981:25: note: in instantiation of member function 'llvm::DefaultFoldingSetTrait<(anonymous namespace)::PointerTracker>::Profile' requested here
  981 |     FoldingSetTrait<T>::Profile(X,ID);
      |                         ^
/home/llvm/llvm-project/llvm/include/llvm/ADT/ImmutableMap.h:57:27: note: in instantiation of member function 'llvm::ImutProfileInfo<(anonymous namespace)::PointerTracker>::Profile' requested here
   57 |     ImutContainerInfo<S>::Profile(ID, V.second);
      |                           ^
/home/llvm/llvm-project/llvm/include/llvm/ADT/ImmutableSet.h:328:15: note: in instantiation of member function 'llvm::ImutKeyValueInfo<const clang::ento::MemRegion *, (anonymous namespace)::PointerTracker>::Profile' requested here
  328 |     ImutInfo::Profile(ID,V);
      |               ^
/home/llvm/llvm-project/llvm/include/llvm/ADT/ImmutableSet.h:343:18: note: in instantiation of member function 'llvm::ImutAVLTree<llvm::ImutKeyValueInfo<const clang::ento::MemRegion *, (anonymous namespace)::PointerTracker>>::computeDigest' requested here
  343 |     uint32_t X = computeDigest(getLeft(), getRight(), getValue());
      |                  ^
/home/llvm/llvm-project/llvm/include/llvm/ADT/ImmutableSet.h:375:50: note: in instantiation of member function 'llvm::ImutAVLTree<llvm::ImutKeyValueInfo<const clang::ento::MemRegion *, (anonymous namespace)::PointerTracker>>::computeDigest' requested here
  375 |           factory->Cache[factory->maskCacheIndex(computeDigest())] = this->Next;
      |                                                  ^
/home/llvm/llvm-project/llvm/include/llvm/ADT/ImmutableSet.h:359:7: note: in instantiation of member function 'llvm::ImutAVLTree<llvm::ImutKeyValueInfo<const clang::ento::MemRegion *, (anonymous namespace)::PointerTracker>>::destroy' requested here
  359 |       destroy();
      |       ^
/home/llvm/llvm-project/llvm/include/llvm/ADT/ImmutableSet.h:392:11: note: in instantiation of member function 'llvm::ImutAVLTree<llvm::ImutKeyValueInfo<const clang::ento::MemRegion *, (anonymous namespace)::PointerTracker>>::release' requested here
  392 |     Tree->release();
      |           ^
/home/llvm/llvm-project/llvm/include/llvm/ADT/IntrusiveRefCntPtr.h:234:34: note: in instantiation of member function 'llvm::IntrusiveRefCntPtrInfo<llvm::ImutAVLTree<llvm::ImutKeyValueInfo<const clang::ento::MemRegion *, (anonymous namespace)::PointerTracker>>>::release' requested here
  234 |       IntrusiveRefCntPtrInfo<T>::release(Obj);
      |                                  ^
/home/llvm/llvm-project/llvm/include/llvm/ADT/IntrusiveRefCntPtr.h:197:27: note: in instantiation of member function 'llvm::IntrusiveRefCntPtr<llvm::ImutAVLTree<llvm::ImutKeyValueInfo<const clang::ento::MemRegion *, (anonymous namespace)::PointerTracker>>>::release' requested here
  197 |   ~IntrusiveRefCntPtr() { release(); }
      |                           ^
/home/llvm/llvm-project/llvm/include/llvm/ADT/ImmutableMap.h:64:7: note: in instantiation of member function 'llvm::IntrusiveRefCntPtr<llvm::ImutAVLTree<llvm::ImutKeyValueInfo<const clang::ento::MemRegion *, (anonymous namespace)::PointerTracker>>>::~IntrusiveRefCntPtr' requested here
   64 | class ImmutableMap {
      |       ^
12 errors generated.
