/home/checker/code_check/result-generation-single-cpp/csa/no-else-branch/first_checker/negative_case_5/round_1/workspace/GeneratedNoElseBranchChecker.cpp:102:33: error: no template named 'RecursiveASTVisitor'
  102 |   class IfChainVisitor : public RecursiveASTVisitor<IfChainVisitor> {
      |                                 ^
/home/checker/code_check/result-generation-single-cpp/csa/no-else-branch/first_checker/negative_case_5/round_1/workspace/GeneratedNoElseBranchChecker.cpp:47:38: error: no member named 'getParentStmt' in 'clang::IfStmt'
   47 |       const Stmt *ParentElse = Head->getParentStmt();
      |                                ~~~~  ^
/home/checker/code_check/result-generation-single-cpp/csa/no-else-branch/first_checker/negative_case_5/round_1/workspace/GeneratedNoElseBranchChecker.cpp:88:62: error: too few arguments to function call, single argument 'D' was not specified
   88 |                                    AM.getAnalysisDeclContext());
      |                                    ~~~~~~~~~~~~~~~~~~~~~~~~~ ^
/home/llvm/llvm-project/clang/include/clang/StaticAnalyzer/Core/PathSensitive/AnalysisManager.h:122:24: note: 'getAnalysisDeclContext' declared here
  122 |   AnalysisDeclContext *getAnalysisDeclContext(const Decl *D) {
      |                        ^                      ~~~~~~~~~~~~~
/home/checker/code_check/result-generation-single-cpp/csa/no-else-branch/first_checker/negative_case_5/round_1/workspace/GeneratedNoElseBranchChecker.cpp:87:23: error: no matching constructor for initialization of 'ProgramPoint'
   87 |     ProgramPoint PP = ProgramPoint(ReportStmt, ProgramPoint::PostStmtKind,
      |                       ^            ~~~~~~~~~~~~~~~~~~~~~~~~~~~~~~~~~~~~~~~
   88 |                                    AM.getAnalysisDeclContext());
      |                                    ~~~~~~~~~~~~~~~~~~~~~~~~~~~
/home/llvm/llvm-project/clang/include/clang/Analysis/ProgramPoint.h:110:3: note: candidate constructor not viable: no known conversion from 'AnalysisDeclContext *' to 'const StackFrame *' for 3rd argument
  110 |   ProgramPoint(const void *P, Kind k, const StackFrame *SF,
      |   ^                                   ~~~~~~~~~~~~~~~~~~~~
/home/llvm/llvm-project/clang/include/clang/Analysis/ProgramPoint.h:60:7: note: candidate constructor (the implicit copy constructor) not viable: requires 1 argument, but 3 were provided
   60 | class ProgramPoint {
      |       ^~~~~~~~~~~~
/home/llvm/llvm-project/clang/include/clang/Analysis/ProgramPoint.h:60:7: note: candidate constructor (the implicit move constructor) not viable: requires 1 argument, but 3 were provided
   60 | class ProgramPoint {
      |       ^~~~~~~~~~~~
/home/llvm/llvm-project/clang/include/clang/Analysis/ProgramPoint.h:109:3: note: candidate constructor not viable: requires 0 arguments, but 3 were provided
  109 |   ProgramPoint() = default;
      |   ^
/home/llvm/llvm-project/clang/include/clang/Analysis/ProgramPoint.h:121:3: note: candidate constructor not viable: requires at least 4 arguments, but 3 were provided
  121 |   ProgramPoint(const void *P1, const void *P2, Kind k, const StackFrame *SF,
      |   ^            ~~~~~~~~~~~~~~~~~~~~~~~~~~~~~~~~~~~~~~~~~~~~~~~~~~~~~~~~~~~~~
  122 |                const ProgramPointTag *tag = nullptr,
      |                ~~~~~~~~~~~~~~~~~~~~~~~~~~~~~~~~~~~~~
  123 |                CFGBlock::ConstCFGElementRef ElemRef = {nullptr, 0})
      |                ~~~~~~~~~~~~~~~~~~~~~~~~~~~~~~~~~~~~~~~~~~~~~~~~~~~
/home/checker/code_check/result-generation-single-cpp/csa/no-else-branch/first_checker/negative_case_5/round_1/workspace/GeneratedNoElseBranchChecker.cpp:94:71: error: too few arguments to function call, single argument 'D' was not specified
   94 |                                             AM.getAnalysisDeclContext());
      |                                             ~~~~~~~~~~~~~~~~~~~~~~~~~ ^
/home/llvm/llvm-project/clang/include/clang/StaticAnalyzer/Core/PathSensitive/AnalysisManager.h:122:24: note: 'getAnalysisDeclContext' declared here
  122 |   AnalysisDeclContext *getAnalysisDeclContext(const Decl *D) {
      |                        ^                      ~~~~~~~~~~~~~
/home/checker/code_check/result-generation-single-cpp/csa/no-else-branch/first_checker/negative_case_5/round_1/workspace/GeneratedNoElseBranchChecker.cpp:96:27: error: no member named 'getCurrentAnalysisDeclContext' in 'clang::ento::AnalysisManager'
   96 |     BR.EmitBasicReport(AM.getCurrentAnalysisDeclContext()->getDecl(), this,
      |                        ~~ ^
/home/checker/code_check/result-generation-single-cpp/csa/no-else-branch/first_checker/negative_case_5/round_1/workspace/GeneratedNoElseBranchChecker.cpp:151:13: error: no member named 'TraverseStmt' in '(anonymous namespace)::GeneratedNoElseBranchChecker::IfChainVisitor'
  151 |     Visitor.TraverseStmt(const_cast<Stmt *>(Body));
      |     ~~~~~~~ ^
7 errors generated.
