/home/checker/code_check/result-generation-single-cpp/csa/no-else-branch/first_checker/negative_case_1/round_2/workspace/GeneratedNoElseBranchChecker.cpp:40:58: error: no member named 'getParent' in 'clang::IfStmt'
   40 |     while (const auto *ParentIf = dyn_cast<IfStmt>(Root->getParent())) {
      |                                                    ~~~~  ^
/home/checker/code_check/result-generation-single-cpp/csa/no-else-branch/first_checker/negative_case_1/round_2/workspace/GeneratedNoElseBranchChecker.cpp:50:57: error: no member named 'getParent' in 'clang::IfStmt'
   50 |     while (const IfStmt *Parent = dyn_cast<IfStmt>(Top->getParent())) {
      |                                                    ~~~  ^
/home/checker/code_check/result-generation-single-cpp/csa/no-else-branch/first_checker/negative_case_1/round_2/workspace/GeneratedNoElseBranchChecker.cpp:74:19: error: unknown type name 'LocationContext'; did you mean 'LocationCheck'?
   74 |         if (const LocationContext *LC =
      |                   ^~~~~~~~~~~~~~~
      |                   LocationCheck
/home/llvm/llvm-project/clang/include/clang/Analysis/ProgramPoint.h:373:7: note: 'LocationCheck' declared here
  373 | class LocationCheck : public StmtPoint {
      |       ^
/home/checker/code_check/result-generation-single-cpp/csa/no-else-branch/first_checker/negative_case_1/round_2/workspace/GeneratedNoElseBranchChecker.cpp:75:43: error: too few arguments to function call, single argument 'D' was not specified
   75 |                 AM.getAnalysisDeclContext().getCurrentFunctionOrMethod())
      |                 ~~~~~~~~~~~~~~~~~~~~~~~~~ ^
/home/llvm/llvm-project/clang/include/clang/StaticAnalyzer/Core/PathSensitive/AnalysisManager.h:122:24: note: 'getAnalysisDeclContext' declared here
  122 |   AnalysisDeclContext *getAnalysisDeclContext(const Decl *D) {
      |                        ^                      ~~~~~~~~~~~~~
/home/checker/code_check/result-generation-single-cpp/csa/no-else-branch/first_checker/negative_case_1/round_2/workspace/GeneratedNoElseBranchChecker.cpp:75:44: error: member reference type 'AnalysisDeclContext *' is a pointer; did you mean to use '->'?
   75 |                 AM.getAnalysisDeclContext().getCurrentFunctionOrMethod())
      |                 ~~~~~~~~~~~~~~~~~~~~~~~~~~~^
      |                                            ->
/home/checker/code_check/result-generation-single-cpp/csa/no-else-branch/first_checker/negative_case_1/round_2/workspace/GeneratedNoElseBranchChecker.cpp:75:45: error: no member named 'getCurrentFunctionOrMethod' in 'clang::AnalysisDeclContext'
   75 |                 AM.getAnalysisDeclContext().getCurrentFunctionOrMethod())
      |                 ~~~~~~~~~~~~~~~~~~~~~~~~~~~ ^
/home/checker/code_check/result-generation-single-cpp/csa/no-else-branch/first_checker/negative_case_1/round_2/workspace/GeneratedNoElseBranchChecker.cpp:78:13: error: no matching function for call to 'createBegin'
   78 |             PathDiagnosticLocation::createBegin(Last->getIfLoc(), BR.getSourceManager());
      |             ^~~~~~~~~~~~~~~~~~~~~~~~~~~~~~~~~~~
/home/llvm/llvm-project/clang/include/clang/Analysis/PathDiagnostic.h:253:33: note: candidate function not viable: no known conversion from 'SourceLocation' to 'const Decl *' for 1st argument
  253 |   static PathDiagnosticLocation createBegin(const Decl *D,
      |                                 ^           ~~~~~~~~~~~~~
/home/llvm/llvm-project/clang/include/clang/Analysis/PathDiagnostic.h:260:3: note: candidate function not viable: requires 3 arguments, but 2 were provided
  260 |   createBegin(const Decl *D, const SourceManager &SM,
      |   ^           ~~~~~~~~~~~~~~~~~~~~~~~~~~~~~~~~~~~~~~~
  261 |               const StackFrameOrAnalysisDeclContext SFAC) {
      |               ~~~~~~~~~~~~~~~~~~~~~~~~~~~~~~~~~~~~~~~~~~
/home/llvm/llvm-project/clang/include/clang/Analysis/PathDiagnostic.h:267:3: note: candidate function not viable: requires 3 arguments, but 2 were provided
  267 |   createBegin(const Stmt *S, const SourceManager &SM,
      |   ^           ~~~~~~~~~~~~~~~~~~~~~~~~~~~~~~~~~~~~~~~
  268 |               const StackFrameOrAnalysisDeclContext SFAC);
      |               ~~~~~~~~~~~~~~~~~~~~~~~~~~~~~~~~~~~~~~~~~~
/home/checker/code_check/result-generation-single-cpp/csa/no-else-branch/first_checker/negative_case_1/round_2/workspace/GeneratedNoElseBranchChecker.cpp:79:35: error: no member named 'getBugReporterData' in 'clang::ento::BugReporter'
   79 |         if (ExplodedNode *EN = BR.getBugReporterData().getCurrentNode())
      |                                ~~ ^
/home/checker/code_check/result-generation-single-cpp/csa/no-else-branch/first_checker/negative_case_1/round_2/workspace/GeneratedNoElseBranchChecker.cpp:87:48: error: cannot initialize a parameter of type 'const Expr *' with an lvalue of type 'const Stmt *'
   87 |           bugreporter::trackExpressionValue(N, Cond, *R);
      |                                                ^~~~
/home/llvm/llvm-project/clang/include/clang/StaticAnalyzer/Core/BugReporter/BugReporterVisitors.h:370:62: note: passing argument to parameter 'E' here
  370 | bool trackExpressionValue(const ExplodedNode *N, const Expr *E,
      |                                                              ^
In file included from /home/checker/code_check/result-generation-single-cpp/csa/no-else-branch/first_checker/negative_case_1/round_2/workspace/GeneratedNoElseBranchChecker.cpp:1:
In file included from /home/llvm/llvm-project/clang/include/clang/AST/Decl.h:16:
In file included from /home/llvm/llvm-project/clang/include/clang/AST/APNumericStorage.h:12:
In file included from /home/llvm/llvm-project/llvm/include/llvm/ADT/APFloat.h:19:
In file included from /home/llvm/llvm-project/llvm/include/llvm/ADT/ArrayRef.h:12:
In file included from /home/llvm/llvm-project/llvm/include/llvm/ADT/Hashing.h:56:
In file included from /usr/lib/gcc/x86_64-linux-gnu/11/../../../../include/c++/11/memory:76:
/usr/lib/gcc/x86_64-linux-gnu/11/../../../../include/c++/11/bits/unique_ptr.h:962:34: error: no matching constructor for initialization of 'clang::ento::BugType'
  962 |     { return unique_ptr<_Tp>(new _Tp(std::forward<_Args>(__args)...)); }
      |                                  ^   ~~~~~~~~~~~~~~~~~~~~~~~~~~~
/home/checker/code_check/result-generation-single-cpp/csa/no-else-branch/first_checker/negative_case_1/round_2/workspace/GeneratedNoElseBranchChecker.cpp:19:17: note: in instantiation of function template specialization 'std::make_unique<clang::ento::BugType, const char (&)[40], const char (&)[21]>' requested here
   19 |       BT = std::make_unique<BugType>(
      |                 ^
/home/llvm/llvm-project/clang/include/clang/StaticAnalyzer/Core/BugReporter/BugType.h:45:3: note: candidate constructor not viable: no known conversion from 'const char[40]' to 'CheckerNameRef' for 1st argument
   45 |   BugType(CheckerNameRef CheckerName, StringRef Desc,
      |   ^       ~~~~~~~~~~~~~~~~~~~~~~~~~~
/home/llvm/llvm-project/clang/include/clang/StaticAnalyzer/Core/BugReporter/BugType.h:52:3: note: candidate constructor not viable: no known conversion from 'const char[40]' to 'const CheckerFrontend *' for 1st argument
   52 |   BugType(const CheckerFrontend *Checker, StringRef Desc,
      |   ^       ~~~~~~~~~~~~~~~~~~~~~~~~~~~~~~
/home/llvm/llvm-project/clang/include/clang/StaticAnalyzer/Core/BugReporter/BugType.h:28:7: note: candidate constructor (the implicit copy constructor) not viable: requires 1 argument, but 2 were provided
   28 | class BugType {
      |       ^~~~~~~
10 errors generated.
