/home/checker/code_check/result-generation-single-cpp/csa/no-else-branch/first_checker/negative_case_5/round_1/workspace/GeneratedNoElseBranchChecker.cpp:63:32: error: no matching function for call to 'createBegin'
   63 |     PathDiagnosticLocation L = PathDiagnosticLocation::createBegin(
      |                                ^~~~~~~~~~~~~~~~~~~~~~~~~~~~~~~~~~~
/home/llvm/llvm-project/clang/include/clang/Analysis/PathDiagnostic.h:260:3: note: candidate function not viable: no known conversion from 'const IfStmt *' to 'const Decl *' for 1st argument
  260 |   createBegin(const Decl *D, const SourceManager &SM,
      |   ^           ~~~~~~~~~~~~~
/home/llvm/llvm-project/clang/include/clang/Analysis/PathDiagnostic.h:267:3: note: candidate function not viable: no known conversion from 'const Decl *' to 'const StackFrameOrAnalysisDeclContext' (aka 'const llvm::PointerUnion<const StackFrame *, AnalysisDeclContext *>') for 3rd argument
  267 |   createBegin(const Stmt *S, const SourceManager &SM,
      |   ^
  268 |               const StackFrameOrAnalysisDeclContext SFAC);
      |               ~~~~~~~~~~~~~~~~~~~~~~~~~~~~~~~~~~~~~~~~~~
/home/llvm/llvm-project/clang/include/clang/Analysis/PathDiagnostic.h:253:33: note: candidate function not viable: requires 2 arguments, but 3 were provided
  253 |   static PathDiagnosticLocation createBegin(const Decl *D,
      |                                 ^           ~~~~~~~~~~~~~~
  254 |                                             const SourceManager &SM);
      |                                             ~~~~~~~~~~~~~~~~~~~~~~~
In file included from /home/checker/code_check/result-generation-single-cpp/csa/no-else-branch/first_checker/negative_case_5/round_1/workspace/GeneratedNoElseBranchChecker.cpp:1:
In file included from /home/llvm/llvm-project/clang/include/clang/AST/Decl.h:16:
In file included from /home/llvm/llvm-project/clang/include/clang/AST/APNumericStorage.h:12:
In file included from /home/llvm/llvm-project/llvm/include/llvm/ADT/APFloat.h:19:
In file included from /home/llvm/llvm-project/llvm/include/llvm/ADT/ArrayRef.h:12:
In file included from /home/llvm/llvm-project/llvm/include/llvm/ADT/Hashing.h:56:
In file included from /usr/lib/gcc/x86_64-linux-gnu/11/../../../../include/c++/11/memory:76:
/usr/lib/gcc/x86_64-linux-gnu/11/../../../../include/c++/11/bits/unique_ptr.h:962:34: error: allocating an object of abstract class type 'clang::ento::BugReport'
  962 |     { return unique_ptr<_Tp>(new _Tp(std::forward<_Args>(__args)...)); }
      |                                  ^
/home/checker/code_check/result-generation-single-cpp/csa/no-else-branch/first_checker/negative_case_5/round_1/workspace/GeneratedNoElseBranchChecker.cpp:66:24: note: in instantiation of function template specialization 'std::make_unique<clang::ento::BugReport, clang::ento::BugType &, const char (&)[46], clang::ento::PathDiagnosticLocation &>' requested here
   66 |     auto Report = std::make_unique<BugReport>(*BT,
      |                        ^
/home/llvm/llvm-project/clang/include/clang/StaticAnalyzer/Core/BugReporter/BugReporter.h:173:34: note: unimplemented pure virtual method 'getLocation' in 'BugReport'
  173 |   virtual PathDiagnosticLocation getLocation() const = 0;
      |                                  ^
/home/llvm/llvm-project/clang/include/clang/StaticAnalyzer/Core/BugReporter/BugReporter.h:178:23: note: unimplemented pure virtual method 'getDeclWithIssue' in 'BugReport'
  178 |   virtual const Decl *getDeclWithIssue() const = 0;
      |                       ^
/home/llvm/llvm-project/clang/include/clang/StaticAnalyzer/Core/BugReporter/BugReporter.h:189:34: note: unimplemented pure virtual method 'getUniqueingLocation' in 'BugReport'
  189 |   virtual PathDiagnosticLocation getUniqueingLocation() const = 0;
      |                                  ^
/home/llvm/llvm-project/clang/include/clang/StaticAnalyzer/Core/BugReporter/BugReporter.h:195:23: note: unimplemented pure virtual method 'getUniqueingDecl' in 'BugReport'
  195 |   virtual const Decl *getUniqueingDecl() const = 0;
      |                       ^
/home/llvm/llvm-project/clang/include/clang/StaticAnalyzer/Core/BugReporter/BugReporter.h:248:16: note: unimplemented pure virtual method 'Profile' in 'BugReport'
  248 |   virtual void Profile(llvm::FoldingSetNodeID& hash) const = 0;
      |                ^
2 errors generated.
