/home/checker/code_check/result-generation-single-cpp/csa/no-else-branch/first_checker/negative_case_2/round_1/workspace/GeneratedNoElseBranchChecker.cpp:66:33: error: no member named 'createBasicReport' in 'clang::ento::BugReporter'
   66 |           if (BugReport *R = BR.createBasicReport(*BT,
      |                              ~~ ^
/home/checker/code_check/result-generation-single-cpp/csa/no-else-branch/first_checker/negative_case_2/round_1/workspace/GeneratedNoElseBranchChecker.cpp:70:27: error: no viable conversion from 'typename std::remove_reference<clang::ento::BugReport *&>::type' (aka 'clang::ento::BugReport *') to 'std::unique_ptr<BugReport>'
   70 |             BR.emitReport(std::move(R));
      |                           ^~~~~~~~~~~~
/usr/lib/gcc/x86_64-linux-gnu/11/../../../../include/c++/11/bits/unique_ptr.h:320:12: note: candidate constructor template not viable: no known conversion from 'typename std::remove_reference<clang::ento::BugReport *&>::type' (aka 'clang::ento::BugReport *') to 'nullptr_t' (aka 'std::nullptr_t') for 1st argument
  320 |         constexpr unique_ptr(nullptr_t) noexcept
      |                   ^          ~~~~~~~~~
/usr/lib/gcc/x86_64-linux-gnu/11/../../../../include/c++/11/bits/unique_ptr.h:327:7: note: candidate constructor not viable: no known conversion from 'typename std::remove_reference<clang::ento::BugReport *&>::type' (aka 'clang::ento::BugReport *') to 'unique_ptr<clang::ento::BugReport> &&' for 1st argument
  327 |       unique_ptr(unique_ptr&&) = default;
      |       ^          ~~~~~~~~~~~~
/usr/lib/gcc/x86_64-linux-gnu/11/../../../../include/c++/11/bits/unique_ptr.h:468:7: note: candidate constructor not viable: no known conversion from 'typename std::remove_reference<clang::ento::BugReport *&>::type' (aka 'clang::ento::BugReport *') to 'const unique_ptr<clang::ento::BugReport> &' for 1st argument
  468 |       unique_ptr(const unique_ptr&) = delete;
      |       ^          ~~~~~~~~~~~~~~~~~
/usr/lib/gcc/x86_64-linux-gnu/11/../../../../include/c++/11/bits/unique_ptr.h:340:2: note: candidate template ignored: could not match 'unique_ptr<_Up, _Ep>' against 'typename std::remove_reference<clang::ento::BugReport *&>::type' (aka 'clang::ento::BugReport *')
  340 |         unique_ptr(unique_ptr<_Up, _Ep>&& __u) noexcept
      |         ^
/usr/lib/gcc/x86_64-linux-gnu/11/../../../../include/c++/11/bits/unique_ptr.h:350:2: note: candidate template ignored: could not match 'auto_ptr<_Up>' against 'typename std::remove_reference<clang::ento::BugReport *&>::type' (aka 'clang::ento::BugReport *')
  350 |         unique_ptr(auto_ptr<_Up>&& __u) noexcept;
      |         ^
/usr/lib/gcc/x86_64-linux-gnu/11/../../../../include/c++/11/bits/unique_ptr.h:281:2: note: explicit constructor is not a candidate
  281 |         unique_ptr(pointer __p) noexcept
      |         ^
/home/llvm/llvm-project/clang/include/clang/StaticAnalyzer/Core/BugReporter/BugReporter.h:651:54: note: passing argument to parameter 'R' here
  651 |   virtual void emitReport(std::unique_ptr<BugReport> R);
      |                                                      ^
2 errors generated.
